// Jest Snapshot v1, https://goo.gl/fbAQLP

exports[`renders correctly 1`] = `
"<?xml version=\\"1.0\\" encoding=\\"utf-8\\"?>
<urlset xmlns=\\"http://www.sitemaps.org/schemas/sitemap/0.9\\">
</urlset>"
`;
