// Jest Snapshot v1, https://goo.gl/fbAQLP

exports[`returns layouts from fixture 1`] = `
Object {
  "layoutHash": Array [
    "2f1ef133c3a93568ad886f68a3b98332",
  ],
  "layouts": Object {
    "index.js": [Function],
  },
}
`;
