// Jest Snapshot v1, https://goo.gl/fbAQLP

exports[`returns layouts from fixture 1`] = `
Object {
  "layoutHash": Array [],
  "layouts": Object {},
  "root": "/Users/sam/Documents/githubRepos/okmarvin/packages/okmarvin/lib/output",
  "siteConfig": Object {
    "layoutHierarchy": Object {
      "index.js": Array [
        "index.js",
      ],
    },
  },
}
`;
