// Jest Snapshot v1, https://goo.gl/fbAQLP

exports[`returns date 1`] = `1539129600000`;
